// Jest Snapshot v1, https://goo.gl/fbAQLP

exports[`renders a snapshot 1`] = `
<div
  className="App"
>
  <div>
    <h1>
      Github Profile Info:
    </h1>
  </div>
  <div
    className="row"
  >
    <div
      className="col"
      style={
        Object {
          "display": "flex",
          "justifyContent": "center",
        }
      }
    >
      <div>
        <div
          className="card"
          style={
            Object {
              "width": "18rem",
            }
          }
        >
          <img
            alt="Github profile image"
            className="card-img-top"
            src=""
          />
          <div
            className="card-body"
          >
            <div
              className="card-title h5"
            />
            <p
              className="card-text"
            >
              Check out 
              's GitHub below or his protfolio site at 
              <a
                href=""
              />
            </p>
            <a
              href=""
            >
              <button
                className="btn btn-primary"
                disabled={false}
                type="button"
              >
                Link to GitHub profile
              </button>
            </a>
          </div>
        </div>
      </div>
    </div>
  </div>
</div>
`;
